// Jest Snapshot v1, https://goo.gl/fbAQLP

exports[`<Index /> renders without crashing 1`] = `
<View
  style={
    Array [
      Object {
        "flex": 1,
        "flexDirection": "column",
      },
      Object {
        "backgroundColor": undefined,
      },
    ]
  }
>
  <View
    onLayout={[Function]}
    style={
      Array [
        Object {
          "flex": 1,
        },
      ]
    }
  >
    <View
      onMoveShouldSetResponder={[Function]}
      onMoveShouldSetResponderCapture={[Function]}
      onResponderEnd={[Function]}
      onResponderGrant={[Function]}
      onResponderMove={[Function]}
      onResponderReject={[Function]}
      onResponderRelease={[Function]}
      onResponderStart={[Function]}
      onResponderTerminate={[Function]}
      onResponderTerminationRequest={[Function]}
      onStartShouldSetResponder={[Function]}
      onStartShouldSetResponderCapture={[Function]}
      style={
        Array [
          Object {
            "flex": 1,
            "flexDirection": "column-reverse",
          },
          Object {
            "backgroundColor": "#000",
          },
        ]
      }
    >
      <View
        style={
          Object {
            "flex": 1,
          }
        }
      >
        <View
          collapsable={undefined}
          pointerEvents="auto"
          style={
            Object {
              "backgroundColor": "#E9E9EF",
              "bottom": 0,
              "left": 0,
              "opacity": 1,
              "position": "absolute",
              "right": 0,
              "shadowColor": "black",
              "shadowOffset": Object {
                "height": 0,
                "width": 0,
              },
              "shadowOpacity": 0.2,
              "shadowRadius": 5,
              "top": 0,
              "transform": Array [
                Object {
                  "translateX": 0,
                },
                Object {
                  "translateY": 0,
                },
              ],
            }
          }
        >
          <View
            style={
              Array [
                Object {
                  "flex": 1,
                  "flexDirection": "column",
                },
                Object {
                  "backgroundColor": "#006699",
                },
              ]
            }
          >
            <View
              onLayout={[Function]}
              style={
                Object {
                  "alignItems": "center",
                  "flex": 1,
                  "flexDirection": "column",
                  "justifyContent": "center",
                }
              }
            >
              <svg
                aria-label="[title]"
                height={225}
                role="img"
                style={Object {}}
                viewBox="0 0 45 45"
                width={225}
              >
                <title>
                  US Department of Homeland Security Logo
                </title>
                <circle
                  cx="22.3"
                  cy="22.3"
                  fill="#FFFFFF"
                  r="22.3"
                  style={Object {}}
                />
                <g
                  style={Object {}}
                >
                  <path
                    d="M35.8,14.3c-0.2,0.1-0.5,0.2-0.7,0.2c1.4,2.3,2.2,4.9,2.2,7.8c0,8.3-6.7,15-15,15c-8.3,0-15-6.7-15-15 c0-3,0.9-5.8,2.4-8.1C9.4,14.1,9.2,14,9,13.9c-1.5,2.4-2.4,5.3-2.4,8.4c0,8.7,7,15.7,15.7,15.7C31,38,38,31,38,22.3 C38,19.4,37.2,16.6,35.8,14.3z"
                    fill="#CC3333"
                    style={Object {}}
                  />
                  <path
                    d="M13.6,10.1C16,8.3,19,7.3,22.3,7.3c3.6,0,7,1.3,9.6,3.4c0.3-0.1,0.6-0.2,0.9-0.2c-2.8-2.5-6.4-3.9-10.4-3.9 c-3.6,0-6.9,1.2-9.5,3.2c0.1,0,0.3,0.1,0.4,0.1C13.3,10,13.4,10,13.6,10.1z"
                    fill="#CC3333"
                    style={Object {}}
                  />
                </g>
                <path
                  d="M22.3,0C10,0,0,10,0,22.3c0,12.3,10,22.3,22.3,22.3c12.3,0,22.3-10,22.3-22.3C44.6,10,34.6,0,22.3,0z M22.3,43.2c-11.6,0-20.9-9.4-20.9-20.9c0-11.5,9.4-20.9,20.9-20.9c11.6,0,20.9,9.4,20.9,20.9C43.2,33.8,33.8,43.2,22.3,43.2z"
                  fill="#999999"
                  style={Object {}}
                />
                <path
                  d="M16.9 17.8l-.9-.6c-1-.9-1.2-1.8-.9-2.8.2-.6.4-.9.3-1.6 0-.4-.3-.7-.6-.9-.6-.6-1.4-1-2.5-1.4-.7-.2-2.7-.9-3.6-1.7-.1.6.3 1.4.8 1.5-.5 0-.8.3-1 .5.3.4 1 .8 1.6.8-.3.2-.6.5-.7.8.5.3 1.3.5 1.9.4-.3.2-.5.5-.6.7.4.2 1.2.5 1.9.5-.3.1-.7.6-.9.9.4.2 1.3.3 1.9.4-.4.2-.8.6-1.1 1 .4.2 1.2.4 1.8.4-.3.3-.5.7-.6 1 .5.1 1 .1 1.6 0-.4.4-.5 1-.5 1.5.5 0 1.1-.1 1.5-.4-.1.4-.1.8.1 1.2.2 0 .4-.1.6-.2 0-.7-.1-1.4-.1-2zm19.2-7.9c-.9.8-2.3 1-3.8 1.5-1.1.4-1.8.6-2.8 1.4-.3.2-.6.6-.5 1.1 0 .6.1.9.2 1.8 0 .6-.2 1.2-.5 1.5-.3.3-.7.6-1 .8 0 .5 0 1.1-.1 1.7.2.1.5.2.7.3.2-.3.2-.8.1-1.2.4.3 1.1.4 1.5.4-.1-.4-.2-1-.5-1.5.6.1 1.1.1 1.6 0-.1-.4-.3-.7-.6-1 .6 0 1.4-.2 1.8-.4-.2-.4-.7-.8-1.1-1 .6-.1 1.5-.2 1.9-.4-.2-.3-.6-.8-.9-.9.7-.1 1.5-.3 1.9-.5-.1-.2-.4-.5-.6-.7.7 0 1.4-.2 1.9-.4-.1-.2-.4-.6-.7-.8 1.5-.4 1.5-1.1 1.5-1.7z"
                  fill="#003366"
                  style={Object {}}
                />
                <path
                  d="M29.8 11.5c-2.1-1.5-4.7-2.3-7.5-2.3-2.5 0-4.9.7-6.9 2 .5.4.8.8.9 1.3.1.4.1.9-.1 1.5-.2.7-.4 1.5.2 2.2.5.8 1.2 1.1 1.8 1.2l2.4-.3c.1-.4.4-.7.8-.9.5-.4.4-.7.3-.9-.1-.2-.3-.4-.5-.5-.2-.1-1-.2-1 .3-.1-.2-.2-.4-.2-.7.1-.4.8-.5 1-.5-.1-.1-.1-.3.3-.4.4-.1.7-.1 1.1-.1.7 0 .8.2 1.2.5.4.4 1 .5 1.2.3-.2.4-.7.6-1 .5.2.5.2 1 .3 1.5 0 .2.1.7.1 1 .9.1 1.9.2 2.7.4.3-.1.7-.3 1-.7.3-.3.6-.8.5-1.9 0-.3-.2-1.1-.2-1.5 0-1 .6-1.6 1.6-2z"
                  fill="#003366"
                  style={Object {}}
                />
                <path
                  d="M21.1 13.8c.1.1.2.1.3.1 0 0 0 .1.1.1l.1.1c.1 0 .2-.1.4-.1.1-.1.3-.1.3-.1-.8-.2-.9 0-1.2-.1z"
                  fill="#003366"
                  style={Object {}}
                />
                <path
                  d="M21.9 24.2l-.3-.1-.2-.4-.4-.2-.4-.4-.3.3-.3.1-.2.3-.3.3-.4.2-.3.5-.2.2-.3.2-.2-.2-.1.3-.2.4c-.1-.3-.2-.5-.2-1-.1-.9-.1-1.9-.2-3.1 1.4-.3 3.2-.5 4.7-.5v3.4c0-.1-.1-.1-.2-.3z"
                  fill="#016699"
                  style={Object {}}
                />
                <path
                  d="M22.1 25.9h-4.2c.1.1.1.3.2.4.3.4.7.7 1.3.9.7.2 1.2.4 1.6.5l.4.1c.3.1.6.3.7.4v-2.3z"
                  fill="#337B00"
                  style={Object {}}
                />
                <path
                  d="M26.6 24.2c.1-.1.2-.2.4-.3 0-.4.1-.8.1-1.3 0 0-.1.1-.2.1-.2.2-.5.4-.9.4s-.7-.2-.9-.3c-.2-.1-.3-.2-.5-.2s-.4.1-.6.2c-.2.1-.5.3-.8.3-.3 0-.6-.1-.7-.2v1.2l.1.1c.2.1.4.2.6.2.2 0 .3-.1.5-.2.3-.2.5-.3.9-.3s.6.1.8.3c.2.1.4.2.6.2.3.1.4 0 .6-.2zm-3.4 2.7c-.3 0-.6-.1-.7-.2v1.5c.2-.2.4-.3.7-.4l.4-.1c.3-.1.8-.3 1.6-.5l.6-.3c-.3-.1-.5-.2-.6-.3-.2-.1-.3-.2-.5-.2s-.4.1-.6.2c-.3.2-.6.3-.9.3z"
                  fill="#003366"
                  style={Object {}}
                />
                <path
                  d="M26.6 22.4c.1-.1.3-.2.5-.3v-.5c-1.4-.3-3.2-.5-4.7-.5v1.3s.1 0 .1.1c.2.1.4.2.6.2.2 0 .3-.1.5-.2.3-.2.5-.3.9-.3s.6.1.8.3c.2.1.4.2.6.2.4-.1.5-.2.7-.3zm-4.1 2.5v1.2l.1.1c.2.1.4.2.6.2.2 0 .3-.1.5-.2.3-.2.5-.3.9-.3s.6.1.8.3c.2.1.4.2.6.2.2 0 .3-.1.5-.2.3-.4.4-.9.5-1.5v-.1c-.3.2-.5.4-1 .4-.4 0-.7-.2-.9-.3-.2-.1-.3-.2-.5-.2s-.4.1-.6.2c-.2.1-.5.3-.8.3-.3.1-.6 0-.7-.1z"
                  fill="#016699"
                  style={Object {}}
                />
                <path
                  d="M17.4 21.3c-.1-1.2-.1-2.5-.2-3.5 1.5-.3 3.5-.6 5-.6 1.6 0 3.5.2 5 .6 0 1-.1 2.2-.2 3.5-1.4-.3-3.3-.5-4.9-.5-1.4 0-3.3.2-4.7.5z"
                  fill="#003366"
                  style={Object {}}
                />
                <path
                  d="M18.4 18.7l.1-.3-.3-.1h.3V18l.1.3.3-.1-.2.2.1.2-.2-.1zm1.6-.2l-.2-.2-.2.2.1-.3-.2-.1h.2l.1-.3.1.3.2-.1-.2.2zm1.3-.1l-.2-.2-.2.2v-.3l-.2-.1h.3v-.3l.1.3h.3l-.2.1zm1.2-.1l-.2-.1-.2.1.1-.2-.2-.2.2.1.1-.3.1.3.2-.1-.2.2zm3.5.2l-.2.1.1-.2-.2-.2.3.1.1-.3v.3h.3l-.3.1.1.3zm-1.3-.3l-.2-.2.2.1.1-.3.1.3h.2l-.2.1.1.3-.2-.2-.2.2zm-1.3-.1l-.2-.1h.3l.1-.3v.3h.3l-.2.1v.3l-.2-.2-.2.2zm-4.8 2.6v-.3l-.2-.1h.3V20l.1.3.3-.1-.2.2.1.2-.2-.1zm1.6-.2l-.2-.2-.2.2v-.2l-.2-.2h.3v-.3l.1.3h.3l-.2.1zm1.2-.1l-.3-.2-.2.2.1-.2-.2-.2h.3v-.3l.1.3h.3l-.2.1zm1.1 0l-.2-.2-.2.2.1-.3-.2-.1h.3v-.3l.1.3h.3l-.2.1zm3.4.1l-.2.1.1-.2-.2-.2.3.1.1-.3v.3h.3l-.3.1.1.3zm-1.3-.3l-.2-.1h.3l.1-.2v.2h.3l-.2.2v.2l-.2-.2-.2.2zm-1.2-.1l-.2-.1h.3l.1-.2v.2h.3l-.2.2v.2l-.2-.2-.2.2zm-4.2-.6v-.3l-.2-.1h.3v-.3l.1.3.3-.1-.2.2.1.2-.2-.1zm-1.2.2v-.3l-.2-.1h.3V19l.1.3.3-.1-.2.2.1.2-.2-.1zm2.8-.4l-.3-.1-.2.2.1-.3-.2-.1h.3v-.3l.1.3.3-.1-.3.2zm1.1 0l-.2-.2-.2.2.1-.3-.2-.1h.3v-.3l.1.3h.3l-.3.1zm1.2 0l-.2-.2-.2.2.1-.3-.2-.1h.3v-.3l.1.3h.3l-.3.1zm3.4.2l-.2.1.1-.2-.2-.2.3.1.1-.3v.3h.3l-.3.1.1.3zm-1.3-.3L25 19l.3.1.1-.3v.3h.3l-.3.1.1.3-.2-.2-.2.2zm-1.2-.1l-.2-.2.3.1.1-.3v.3h.3l-.3.1.1.3-.2-.2-.2.1z"
                  fill="#FFFFFF"
                  style={Object {}}
                />
                <path
                  d="M38.8 14.3c.6-.3 1.3-.1 1.5.3.2.4-.2 1-.8 1.3-.6.3-1.3.1-1.5-.3-.2-.4.2-1 .8-1.3zm.9 2.1c.8-.3 1.1-1.2.8-2-.3-.7-1.2-1.1-2-.7-.8.3-1.1 1.2-.8 2 .4.7 1.3 1 2 .7zm-1 2l-.3-1.2h.2l.1.3 2.5-.6-.2-.3h.2l.5 1.8h.1l.1.2-.7.2-.1-.2.3-.1-.2-.9-1 .3.2.7.3-.1.1.2-.8.2-.1-.2.3-.1-.2-.7-1.1.3.1.3-.3-.1zM4 15.3l-.1.4 1.6.5c.5.1.7.4.8.8 0 .2 0 .4-.1.7-.2.7-.7 1-1.3.8L3.2 18l-.1.3-.2-.1.4-1.2h.1l-.1.3 1.6.5c.5.2.7.2.9 0 .1-.1.1-.2.2-.3.2-.5-.1-.9-.6-1.1l-1.6-.5-.1.4-.2-.1.3-1 .2.1zm2.8.7c-.1.2-.2.2-.4.2-.2-.1-.2-.2-.2-.4.1-.2.2-.2.4-.2s.3.2.2.4zm.5-1.3l-.1.2-.7-.4.1-.2.3.2c.2-.1.4-.2.5-.4.1-.2.1-.5-.1-.6-.2-.1-.4-.1-.8.2-.5.2-.5.2-.7.3-.2 0-.4 0-.5-.1-.4-.2-.5-.7-.3-1.2.1-.2.2-.3.3-.4l-.1-.1.1-.2.7.4-.1.2-.3-.1c-.2.1-.3.2-.4.3-.1.2-.1.4.1.5.2.1.3.1.7-.2.3-.1.5-.1.5-.2.1-.1.2-.1.4-.1s.3 0 .5.1c.4.2.6.7.3 1.2-.1.2-.3.4-.5.5l.1.1zm1.2-2c0 .2-.1.3-.3.3-.2 0-.3-.1-.3-.3 0-.2.1-.3.3-.3.2 0 .3.1.3.3zM15.4 7l-1.9 1-.1-.2.3-.2-1.2-2.3-.3.2-.1-.2 1.6-.8-.1-.1.2-.1.3.6V5l-.1-.3-.8.4.5.9.6-.3-.1-.3.2-.1.4.8-.2.1-.3-.2-.6.3.5 1 .9-.4-.2-.3.2-.1.3.5zm1.8-.7l-1.2.4-.1-.2.3-.1-.8-2.4-.3.1-.1-.2 1.3-.4c.5-.2 1 0 1.1.5.2.5-.1 1-.6 1.1-.1 0-.1 0-.2.1l-.1-.2h.1c.3-.1.4-.4.3-.7-.1-.4-.4-.6-.7-.5l-.2.1.8 2.4.4-.1v.1zm1.4-1.6l.3-1.2.6 1-.9.2zm2.2.6h-.2L19 2.8h-.3l-.6 3h-.3V6l.9-.2v-.2l-.3.1.2-.7 1.1-.2.3.7-.3.1v.2l1.1-.2v-.3zm1.3-2.5h.3c.3 0 .5.2.5.6 0 .4-.2.6-.5.6h-.3V2.8zm1.8 2.5h-.2c-.1 0-.1 0-.2-.2l-.6-1c.4-.1.6-.4.6-.8 0-.2-.1-.4-.2-.6-.2-.2-.4-.2-.8-.2h-1.3v.2h.3v2.6h-.3v.2h1.2v-.2h-.3V4.2h.1l.7 1c.1.3.1.3.4.3h.6v-.2zm2 .6l-1.4-.2v-.2l.4.1.4-2.4-.7-.2-.1.4h-.2l.1-.7h.2v.1l2.1.2v-.1l.3.1-.1.7h-.2l.1-.4-.8-.1-.4 2.4.4.1-.1.2zM30 7.3l-1.2-.5.1-.2.3.1.7-1.7-1.7 1.7-.2-2.4-.7 1.7.3.1-.1.2-1-.4.1-.2.4.2 1-2.4-.3-.1.1-.2.7.3.2 2.3 1.6-1.6.8.3-.1.2-.3-.1-.9 2.4.3.1-.1.2zm2.2 1.4l-1.8-1.1.1-.2.3.2 1.4-2.2-.3-.2.1-.1 1.5 1 .1-.1.2.1-.4.6-.2-.1.2-.3-.8-.5-.6.9.6.4.2-.3.2.1-.5.7-.2-.1.2-.3-.6-.4-.6.9.8.5.2-.3.2.1-.3.7zM12.5 6.9c-.5-.7-1.4-.8-2.1-.3l-1.1.8.1.2.3-.2 1.5 2.1c.1 0 .1.1.2.1l.8-.6c.4-.3.5-.5.6-.9 0-.5-.1-.9-.3-1.2zm-.6 1.9l-.3.2-1.4-2 .3-.2c.4-.3 1.1-.1 1.5.4.4.6.4 1.3-.1 1.6zM36 8.1l-.1.1.3.2-1.3 1.4.3-2.5-.7-.6-.1.1.2.2v.3L33 9.1l-.3-.2-.1.1.7.7.1-.1-.3-.2L34.4 8l-.3 2.3c.3-.1.6-.1.9-.2h.1l1.1-1.2.3.3.1-.1-.6-1zm3 3.2l-1.4-1.6.1-.1-.1-.2-.6.5.1.2.3-.2.5.6-2 1.5-.1-.1c-.1 0-.1.1-.2.1l.7 1 .1-.1-.3-.3 2-1.5.5.6-.3.2.1.2.6-.5v-.3zM26 41.8l-.2.1-.2-.8.2-.1.1.3c.2.1.4.1.6.1.3-.1.4-.3.4-.5s-.2-.3-.7-.5c-.5-.2-.5-.2-.7-.3-.1-.1-.2-.3-.3-.5-.1-.5.2-.9.7-1h.5v-.1l.2-.1.2.7-.2.1-.1-.2c-.2 0-.3-.1-.5 0-.2 0-.4.2-.3.5 0 .2.2.3.6.4.2.1.4.1.4.2.1 0 .2.1.3.2.1.1.2.3.2.4.1.5-.2.9-.7 1-.3.1-.4 0-.7 0l.2.1zm4.5-1.4l-2 .8V41l.3-.1-.9-2.4-.3.1-.1-.2 1.7-.7v-.1l.2-.1.3.7-.2.1-.2-.3-.9.3.4 1 .7-.3-.1-.3.2-.1.3.8-.2.1-.1-.3-.7.3.4 1 .9-.4-.1-.3.2-.1.2.7zm3-1.8c-.3.3-.4.5-.7.7-.8.5-1.7.3-2.2-.5-.5-.7-.2-1.7.5-2.1.2-.1.4-.2.7-.3l-.1-.2.2-.1.4.7-.2.1-.1-.2c-.3 0-.5 0-.7.1-.5.3-.6 1-.2 1.6.4.6 1.1.8 1.6.5.2-.1.3-.2.4-.5l-.2-.3.2-.1.4.6zm1.3-4.6l-.3.3 1.1 1.2c.3.4.4.7.3 1.1-.1.2-.2.4-.4.5-.5.5-1.1.5-1.6.1l-1.2-1.3-.2.2-.1-.1.9-.8.1.1-.2.2 1.1 1.2c.3.3.5.4.7.4.1 0 .2-.1.3-.2.4-.4.4-.8 0-1.2l-1.1-1.2-.2.2-.1-.1.8-.7.1.1zm5-2.6l-.6 1.1-.2-.1.2-.3-2.2-1.2-.2.3-.2-.1.6-1.1.2.1-.2.3 2.3 1.2.2-.3.1.1zm1.1-2.6l-.5 1.3-.2-.1.2-.4-2.3-.9-.3.7.3.1-.1.2-.7-.3.1-.2h.1l.7-2h-.1l.1-.2.7.3-.1.2-.3-.1-.3.7 2.3.9.1-.4.3.2zm.8-3.3l-.2 1.2h-.2l.1-.3-1.2-.2-1.5.6-.1.2h-.2l.2-1.2h.2l-.1.3 1.1-.4-.8-.8v.4h-.2l.2-1h.2l-.1.3 1.1 1 1.3.3.1-.3.1-.1zm-3 7.5l-.1.1c-.1.1-.1.1-.3.1l-1.2-.1c.1-.4.1-.7-.3-1-.2-.1-.4-.2-.6-.2-.2 0-.4.2-.6.5l-.8 1.1.1.1.2-.3 2.1 1.5-.2.3.1.1.7-1-.2-.1-.2.3-.9-.7.1-.1 1.2.1c.3 0 .3 0 .5-.2l.3-.5h.1zm-3.1 0l.2-.2c.2-.3.5-.3.7-.1.3.2.4.5.2.8l-.2.2-.9-.7zM3.5 28.2L3.2 27h.2l.1.3 1.1-.3-.3-1.4-1.1.3.1.3h-.2L2.8 25H3v.4l2.5-.6-.1-.3h.2l.3 1.2h-.2l-.1-.3-1.1.3.4 1.3 1.1-.3-.1-.3h.2l.3 1.2h-.2l-.1-.3-2.5.6.1.3h-.2zm1.7.7c.6-.3 1.3-.2 1.5.2.2.4-.2 1-.8 1.3-.6.3-1.3.2-1.5-.2-.2-.4.2-1 .8-1.3zm1 2.1c.8-.4 1.1-1.2.8-2-.3-.7-1.2-1.1-2-.7-.8.4-1.1 1.2-.8 2 .3.8 1.2 1.1 2 .7zm1.1 4.2l-.8-1.1.2-.1.2.3 1.6-1.1-2.3.5 1.1-2.1-1.5 1.1.1.3-.2.1-.6-.8.2-.1.2.3L7.6 31l-.2-.3.2-.1.4.6-1.1 2.1 2.2-.5.5.7-.2.1-.2-.3-2.1 1.5.2.3v.1zm2.3 2.3L8 36.1l.1-.1.2.2 1.7-1.9-.2-.2.1-.1 1.3 1.2.1-.1.2.2-.5.5v-.2l.2-.2-.7-.6-.7.8.5.5.2-.2.2.2-.6.6-.2-.2.2-.2-.5-.5-.7.8.7.7.2-.2.2.2-.4.2zm2.6 1.8l-1.7-1.2.1-.2.3.2 1.4-2.1-.3-.1.1-.2 1 .7-.1.2-.3-.2-1.4 2.1.8.5.2-.3.2.1-.3.5zM14 39l.9-.8-.1 1.2-.8-.4zm1.4 1.7l-.2-.1.2-3-.2-.1-2.2 2.1-.3-.1-.1.2.8.4.1-.2-.3-.1.6-.5 1 .4v.8l-.3-.1-.1.2 1 .4v-.3zm3.1 1l-.3-.1-1-2.5-.5 1.9.3.1v.2l-1-.2v-.2l.4.1.5-2.3.1-.2-.3-.1v-.2l.9.2.9 2.3.4-1.8-.3-.1v-.2l1 .2v.2h-.4l-.7 2.7zm2.9-2.7H20v.2h.3l-.1 2.6h-.3v.2h1.4c.4 0 .8-.1 1-.3.3-.3.5-.7.5-1.1.1-.9-.6-1.5-1.4-1.6zm.8 1.5c0 .7-.5 1.2-1 1.2h-.4l.1-2.4h.4c.5 0 .9.6.9 1.2zm14.3-16.4l-1.1.3.2.1-.4.2c0-.2.1-.4.1-.7l.6-.5v.3l.7-.9-1 .5.3.1-.5.4c0-.3.1-.6.1-.8l.6-.7v.3l.5-1-1 .6h.3l-.5.5v-.5c0-1.3-.2-2.6-.6-3.8-.6.1-1.2-.1-1.5-.2.8.4 1 .9 1.1 1.5-.6.1-1.4-.1-1.9-.4.4.4.7 1 .7 1.6-.6 0-1.2-.3-1.6-.7.3.3.6 1.1.5 1.6-.5-.1-1.1-.4-1.5-.8.3.6.4 1.1.4 1.7-.5-.1-.9-.2-1.4-.7.2.6.3 1.1.3 1.6-.6-.2-1-.5-1.3-1 .2.5.3 1.2.2 1.5-.5-.2-.8-.5-1.1-1 .3.6.2 1.2.1 1.5-.2 0-.5-.2-.6-.4v.3c0 .4-.1.7-.2 1l.1.2c.3.3.6.6.9.7-.1 0-.3.1-.5.1.2.2.6.3.8.5-.2 0-.2.2-.5.1.4.3.8.3 1.1.4h.6c.2 0 .5.1.6.1l2.4-4.8h-.3l.7-.9-.2 1.1-.1-.2-2.2 5.1c0 .1.1.1.1.2l.1-.1 3.9-3-.3-.1 1-.5-.7.9v-.3l-3.8 3c.1 0 .2.1.2.1.1.1 0 .2 0 .3-.1.2-.1.2-.2.2h-.2s.1 0 .1.1c0 0 0 .1-.1.3-.1.1-.2.2-.3.1-.1 0-.1-.1-.1-.1v.1c0 .1-.1.2-.2.2-.3.1-.4.1-.4 0-.1-.2-.1-.5 0-.5v.3c0 .1 0 .2.2.2.1 0 .2 0 .3-.1.1 0 .1-.1 0-.2 0 0 0-.1-.1-.1.1 0 .1.1.2.1.1.1.2.1.2 0 .1-.1.1-.1.1-.2.1-.1-.1-.2-.2-.3.2 0 .2.1.4.1.1 0 .2-.3.2-.3 0-.1-.1-.1-.2-.1h-.2c0 .1 0 .1-.2.2-.1 0-.1 0 0 0s.1-.3 0-.4c-.1-.1-.3-.1-.4-.1h-.6c-.1 0-.2.2-.2.2 0 .2-.1.4-.4.3-.3-.2-.8-.2-1.3-.4.1.2 0 .3.1.5-.5-.1-.6-.3-1-.5.1.2.1.3.1.4-.4-.1-.7-.4-1.2-.5-.2.1-.4.1-.5.2.4.4.7.9.8 1.5 0 0-.3 0-.6-.1.1.3.2.7.2 1.1 0 0-.3-.1-.7-.3 0 .4 0 .7-.1 1.1 0 0-.3-.1-.7-.5 0 .4-.1.7-.3 1.1 0 0-.3-.2-.6-.7-.1.4-.3.7-.5 1.1 0 0-.3-.3-.5-1-.3.4-.6.6-.6.6-.2-.4-.3-.7-.3-1.1-.4.4-.7.5-.7.5-.2-.5-.2-.8-.2-1.2-.4.2-.7.3-.7.3 0-.4.1-.7.2-1.1-.4.1-.6.1-.6.1.1-.6.5-1.2.8-1.5-.1 0-.3-.1-.4-.1-.5.1-.8.5-1.2.5.1-.1.1-.3.1-.4-.4.2-.5.4-1 .5.1-.2 0-.3.1-.5-.4.2-1 .3-1.3.4-.3.1-.3-.4-.4-.5 0 0-.3-.1-.4 0h-.6c-.2 0-.3.1-.4.1-.1.1-.1.4 0 .4.1.1 0 0 0 0-.1-.1-.2-.1-.2-.2h-.2c-.1 0-.2.1-.2.1 0 .1 0 .3.2.3h.4c-.1.1-.3.2-.2.3 0 .1.1.1.1.2.1.1.2.1.2 0 .1-.1.1-.1.2-.1-.1 0-.1.1-.1.1v.2c.1.1.2.1.3.1.1 0 .2-.1.2-.2V29c.1 0 .2.3 0 .5-.1.1-.2.1-.4 0-.1-.1-.2-.1-.2-.3v-.1s0 .1-.1.1c-.1.1-.2 0-.3-.1-.1-.2-.1-.2-.1-.3 0 0 0-.1.1-.1h-.2c-.1 0-.2-.1-.2-.3-.1-.2-.1-.2 0-.3.1-.1.3-.1.5-.1 0-.1 0-.2.1-.3.1-.1.4-.2.6-.2h.6c.1 0 .7-.1 1.2-.5-.2 0-.3-.1-.5-.1.2-.2.6-.3.8-.5-.2 0-.3-.2-.4-.2.4-.2.6-.3.9-.6 0 0 .1-.1.1-.2-.1-.3-.2-.7-.2-1.1V24c-.1.1-.3.2-.6.3-.1-.4-.1-1 .1-1.5-.3.5-.6.9-1.1 1-.1-.4-.1-1.1.1-1.6-.3.6-.7.9-1.3 1.1 0-.5 0-1.1.2-1.6-.5.4-.9.6-1.4.7 0-.6.1-1.1.4-1.7-.3.4-1 .7-1.6.7 0-.5.4-1.1.6-1.5-.5.4-1 .6-1.6.6.1-.5.3-1.1.7-1.6-.5.4-1.2.6-1.8.5.1-.6.5-1.2 1-1.5-.3.1-.8.2-1.4.1-.4 1.2-.5 2.4-.6 3.7-.1.3-.3.3-.5.1 0 .3.1.4.1.8.1.6.3 1 .7 1.2 0 .2 0 .4.1.5-.3-.2-.7-.3-1.2-.3.3 1 .8 1.1 1.4 1.2 0 .1 0 .2.1.3-.3-.1-.7-.1-1.1 0 .3.5.7.7 1.4.8-.4 0-.9 0-1.2.2.5.4 1 .6 1.5.6 0 .1 0 .1.1.2-.4.1-.7.3-.9.5.4.1.8.2 1.2.2-.2.2-.4.4-.5.8.3-.1.6-.1.9-.2.1.1.1.2.2.3-.2.3-.2.7-.1 1.1l.6-.3c.1.1.1.2.2.2-.1.5 0 .9.3 1.2.1-.1.2-.2.3-.4.6-.9.2-1.6.2-2.2 0 .7.7 1.4-.1 2.2 2.4 2.8 6 4.6 10 4.6 5.7 0 10.5-3.6 12.4-8.6l.6-.3v.3l.9-.7-1.5.4.2.1-.5.2c.1-.2.2-.5.2-.7l.7-.4v.3l.8-.8-1.1.3.2.1-.5.3c.1-.3.1-.5.2-.8l.5-.3v.3l.8-.9z"
                  fill="#003366"
                  style={Object {}}
                />
                <path
                  d="M30.4 28.3h.2c.1 0 .2.1.2.1 0 .1 0 .3-.2.3-.1 0-.2 0-.4-.1.1.1.3.2.2.3 0 .1-.1.1-.1.2-.1.1-.2 0-.2 0-.1-.1-.1-.1-.2-.1.1 0 .1.1.1.1v.2c-.1.1-.2.1-.3.1-.1 0-.2-.1-.2-.2v-.3c-.1 0-.2.3 0 .5.1.1.2.1.4 0 .1 0 .2-.1.2-.2v-.1s0 .1.1.1c.1.1.2 0 .3-.1.1-.2.1-.2.1-.3 0 0 0-.1-.1-.1h.2c.1 0 .2-.1.2-.2.1-.2.1-.2 0-.3 0 0-.1-.1-.2-.1l3.8-3v.3l.7-.9-1 .5.3.1-3.9 3-.1.1m-.1-.2l2.4-4.9.1.3.2-1.2-.7.9h.2l-2.3 4.8"
                  fill="#FFFFFF"
                  style={Object {}}
                />
                <path
                  d="M29.8 28.5c.1.1.1.3 0 .4.3 0 .3-.3.3-.4h-.3zm-.1 0c-.1 0-.2-.1-.2-.2s-.1-.1-.1 0 0 .2.1.2c0 .1.1.1.2 0zm0 .5c0-.1-.1-.1-.1-.2 0 .1-.1.2-.1.4h.1c.1 0 .2 0 .2-.1l-.1-.1zm3-5.1h.3l-1.5 2.3c-.2.4-.3.7-.5 1l2.1-3.2.1.2.4-1.1-.9.8zm-.6 2l2.7-3.4.1.3.5-1-.9.7h.3l-2.5 3.1-.6.9c.1-.3.3-.4.4-.6zm-.3 1c.2-.2.5-.4.7-.6l2.3-2.1v.3l.6-1-1 .5h.3l-2.3 2.1c-.2.4-.4.6-.6.8zm2.5-.5L31.1 28c-.1 0-.1.1-.1.1l.1.1 3.3-1.7v.3l.9-.8-1.1.2.1.2zm-4.8 3.4s-.1 0-.1-.1l-.6 1.2-.2.1-.7 1.3.3-.1.1.3.6-1.3V31l.6-1.2z"
                  fill="#FFFFFF"
                  style={Object {}}
                />
                <path
                  d="M31.7 27.6c.2-.1.5-.2.7-.4l2.1-1.4v.3l.8-.8-1.1.4.2.1-2.3 1.5c-.1 0-.3.2-.4.3zm-2.5 1.9v-.2l-.8.8h-.2l-1.1 1.1h.3v.3l.9-1.1h.2l.7-.9zm1.4-1.6c.1-.1.2-.2.4-.3l3.7-4.1.1.3.5-1-1 .6h.3l-3.9 4.3s-.1.1-.1.2zm-3.3 2.7l1.4-1c.2-.2.3-.4.4-.4l-1.7 1.1h-.2l-.2.1-1.1.7.3.1v.2l.9-.8h.2zm-1.2.2l.6-.3.5-.4h.2s1.3-.8 1.6-1l-1.7.8-.2-.1-1.3.6.3.1v.3zM14 28.3c-.1 0-.4 0-.5.1-.1.1-.1.2 0 .3.1.2.1.2.2.3h.2s-.1 0-.1.1c0 0 0 .1.1.3.1.1.2.2.3.1.1 0 .1-.1.1-.1v.1c0 .1.1.2.2.3.3.1.4.1.4 0 .1-.2.1-.4 0-.5v.3c0 .1-.1.2-.2.2s-.2 0-.3-.1c-.1 0-.1-.1 0-.2 0 0 0-.1.1-.1-.1 0-.1.1-.2.1-.1.1-.2.1-.2 0-.1-.3-.1-.3-.1-.4-.1-.1.1-.2.2-.3-.2 0-.2.1-.4 0-.1 0-.2-.3-.2-.3 0-.1.1-.1.2-.1h.2m-3.3-1.6c.1 0 .1 0 0 0-.4-.2-.7-.3-1.2-.2.5 0 .9.1 1.2.2zm.3 2.8c.1-.4.3-.8.7-1.1.3-.2.4-.3.2-.1-.4.3-.8.9-.9 1.2zm.8 1c-.1-.4 0-.9.1-1.3.1-.3.4-.7.5-.7-.3.5-.6 1.7-.6 2z"
                  fill="#FFFFFF"
                  style={Object {}}
                />
                <g
                  origin="10.353, 25.66"
                  style={Object {}}
                  transform="rotate(-11.478)"
                >
                  <ellipse
                    cx="10.4"
                    cy="25.7"
                    fill="#FFFFFF"
                    rx=".3"
                    ry=".3"
                    style={Object {}}
                  />
                </g>
                <path
                  d="M12.8 26v-1.2c-.7.5-1 1.5-.7 2.2H12c-.1 0-.2.2-.2.3 0 .1.2.2.3.2.1 0 .2-.2.2-.3 0-.1-.1-.1-.1-.2-.1-.6 0-1.3.3-1.6-.1.4-.3 1.1-.2 1.9.1-.1.2-.3.3-.4 0 .1 0 .2.1.4 0-.6.2-1.1.8-1.5-.4.5-.7 1.2-.7 1.7.3-.4 1-.5 1.1-2.1-.4-.1-.9.2-1.1.6z"
                  fill="#FFFFFF"
                  style={Object {}}
                />
                <g
                  origin="13.014, 27.626"
                  style={Object {}}
                  transform="rotate(-11.392)"
                >
                  <ellipse
                    cx="13"
                    cy="27.6"
                    fill="#FFFFFF"
                    rx=".3"
                    ry=".3"
                    style={Object {}}
                  />
                </g>
                <g
                  origin="12.915, 28.442"
                  style={Object {}}
                  transform="rotate(-11.373)"
                >
                  <ellipse
                    cx="12.9"
                    cy="28.4"
                    fill="#FFFFFF"
                    rx=".3"
                    ry=".3"
                    style={Object {}}
                  />
                </g>
                <path
                  d="M11.6 24.4c-.6.5-.7 1-.6 1.6h-.1c-.1 0-.2.1-.2.2s.1.2.2.2h.1c.1.1.1.3.2.4 0-.2-.1-.4-.1-.6v-.1c0-.4 0-.9.3-1.2-.1.5-.2 1.4-.1 2 .2-.7 1.1-.9.3-2.5z"
                  fill="#FFFFFF"
                  style={Object {}}
                />
                <g
                  origin="13.61, 27.976"
                  style={Object {}}
                  transform="rotate(-11.43)"
                >
                  <ellipse
                    cx="13.6"
                    cy="28"
                    fill="#FFFFFF"
                    rx=".2"
                    ry=".2"
                    style={Object {}}
                  />
                </g>
                <g
                  origin="12.458, 27.942"
                  style={Object {}}
                  transform="rotate(-11.45)"
                >
                  <ellipse
                    cx="12.5"
                    cy="27.9"
                    fill="#FFFFFF"
                    rx=".2"
                    ry=".2"
                    style={Object {}}
                  />
                </g>
                <path
                  d="M10 25.2c0-.1-.1-.1-.2-.2-.3-.4-.7-.8-1.3-.8.4.2.9.5 1.3.8-.1 0-.1.1-.1.2s.1.2.2.1c0 .1.1 0 .1-.1zm0-1.2c0-.1-.1-.2-.3-.2-.1-.6-.3-1-1-1.5.3.4.7 1 .9 1.5-.1 0-.2.1-.1.3 0 .1.1.2.3.2.1-.1.2-.2.2-.3zm.7 2.3c0-.1-.1-.2-.2-.1 0 0-.1 0-.1.1-.6-.5-1-.5-1.3-.5.2.1.9.3 1.3.6v.1c0 .1.1.2.2.1 0-.2.1-.2.1-.3z"
                  fill="#FFFFFF"
                  style={Object {}}
                />
                <g
                  origin="10.895, 27.032"
                  style={Object {}}
                  transform="rotate(-11.333)"
                >
                  <ellipse
                    cx="10.9"
                    cy="27"
                    fill="#FFFFFF"
                    rx=".3"
                    ry=".3"
                    style={Object {}}
                  />
                </g>
                <path
                  d="M11.5 27.4c0-.1-.1-.2-.2-.1-.1 0-.1.1-.1.1-.5-.1-1.1 0-1.5.3.5-.1 1.1-.2 1.5-.2v.1c0 .1.1.2.2.1s.1-.2.1-.3z"
                  fill="#FFFFFF"
                  style={Object {}}
                />
                <path
                  d="M12.1 27.7c0-.1-.1-.2-.3-.2-.1 0-.2.1-.2.3-.4 0-1 .1-1.4.5.4-.2 1-.5 1.4-.5 0 .1.2.2.3.2.1 0 .2-.1.2-.3zm-1-4.6c-.8.4-1.2 1.4-.8 2.2.4-.5 1.1-.7.8-2.2zm-.8 2.2c-.1-.4.2-1.6.5-1.8-.2.5-.3 1.1-.5 1.8zm-.1-3.8c-.3.1-.7.5-.8 1 .1.1.1.2.2.2.1-.4.3-.8.5-1-.1.2-.3.7-.4 1.1.1.2.1.5.1.7.5-.4.7-1.2.4-2zm5.2 7.4c1.1.8 1.7 1.9 1.8 2.8-.1-.1-.4-.2-.5-.2-.1-1-.6-1.7-1.4-2.3 0-.1 0-.2.1-.3zm-1.1-.3c.1-.1.2-.1.4 0-.1.1-.1.3 0 .4-.3 0-.3-.2-.4-.4z"
                  fill="#FFFFFF"
                  style={Object {}}
                />
                <path
                  d="M14.7 28.6c.1 0 .2-.1.2-.2s.1-.1.1 0 0 .2-.1.2c.1.1-.1.1-.2 0zm.1.3c0 .1 0 .2-.1.2 0 .1-.1.1-.1.1.1.1.2.1.2.1h.1c0-.2-.1-.4-.1-.4z"
                  fill="#FFFFFF"
                  style={Object {}}
                />
              </svg>
            </View>
            <View
              id="appName"
              style={
                Object {
                  "alignItems": "center",
                  "flex": 1,
                  "flexDirection": "column",
                  "justifyContent": "center",
                }
              }
            >
              <View
                style={undefined}
              >
                <Text
                  accessible={true}
                  allowFontScaling={true}
                  ellipsizeMode="tail"
                  id="app-name"
                  style={
                    Object {
                      "color": "#ffffff",
                      "fontSize": 48,
                      "textAlign": "center",
                    }
                  }
                >
                  FODlink
                </Text>
              </View>
              <View
                style={undefined}
              >
                <View
                  collapsable={undefined}
                  style={
                    Object {
                      "opacity": 0,
                    }
                  }
                >
                  <View
                    collapsable={undefined}
                    style={
                      Object {
                        "transform": Array [
                          Object {
                            "scale": 1,
                          },
                        ],
                      }
                    }
                  >
                    <View
                      onMoveShouldSetResponder={[Function]}
                      onMoveShouldSetResponderCapture={[Function]}
                      onResponderEnd={[Function]}
                      onResponderGrant={[Function]}
                      onResponderMove={[Function]}
                      onResponderReject={[Function]}
                      onResponderRelease={[Function]}
                      onResponderStart={[Function]}
                      onResponderTerminate={[Function]}
                      onResponderTerminationRequest={[Function]}
                      onStartShouldSetResponder={[Function]}
                      onStartShouldSetResponderCapture={[Function]}
                    >
                      <View>
                        <View
                          style={
                            Object {
                              "flexDirection": "row",
                            }
                          }
                        >
                          <Text
                            accessible={true}
                            allowFontScaling={false}
                            ellipsizeMode="tail"
                            style={
                              Array [
                                Object {
                                  "color": undefined,
                                  "fontSize": 72,
                                },
                                Object {
                                  "color": "#ffffff",
                                },
                                Object {
                                  "fontFamily": "Material Icons",
                                  "fontStyle": "normal",
                                  "fontWeight": "normal",
                                },
                              ]
                            }
                          >
                            
                          </Text>
                          <View
                            style={
                              Object {
                                "alignItems": "center",
                                "padding": 10,
                              }
                            }
                          >
                            <Text
                              accessible={true}
                              allowFontScaling={true}
                              ellipsizeMode="tail"
                              style={
                                Object {
                                  "color": "#ffffff",
                                  "fontSize": 18,
                                  "fontWeight": "bold",
                                }
                              }
                            >
                              Log In
                            </Text>
                            <Text
                              accessible={true}
                              allowFontScaling={true}
                              ellipsizeMode="tail"
                              style={
                                Object {
                                  "color": "#CFE4FF",
                                  "fontSize": 12,
                                  "paddingTop": 5,
                                }
                              }
                            >
                              Log in to get started!
                            </Text>
                          </View>
                        </View>
                      </View>
                    </View>
                  </View>
                </View>
              </View>
            </View>
          </View>
        </View>
      </View>
    </View>
  </View>
</View>
`;
